Archive member included to satisfy reference by file (symbol)

Src/SEGGER_OFL_Lib_CortexM_LE.a(SEGGER_OFL_Lib.o)
                              Output/Release/Obj/Flashloader/FlashPrg.o (SEGGER_OFL_Lib_CalcCRC)
C:/Program Files/SEGGER/SEGGER Embedded Studio 8.14a/lib/libc_v7em_t_le_eabi_small.a(compilerasmops_arm.o)
                              Src/SEGGER_OFL_Lib_CortexM_LE.a(SEGGER_OFL_Lib.o) (__gnu_thumb1_case_uqi)
C:/Program Files/SEGGER/SEGGER Embedded Studio 8.14a/lib/libc_v7em_t_le_eabi_small.a(floatasmops_arm.o)
                              Output/Release/Obj/Flashloader/stm32h7xx_hal_rcc.o (__aeabi_fadd)
C:/Program Files/SEGGER/SEGGER Embedded Studio 8.14a/lib/libc_v7em_t_le_eabi_small.a(__SEGGER_RTL_vfprintf_int_nwp.o)
                              (__SEGGER_RTL_vfprintf_int_nwp)
C:/Program Files/SEGGER/SEGGER Embedded Studio 8.14a/lib/libc_v7em_t_le_eabi_small.a(__SEGGER_RTL_vfscanf_int.o)
                              (__SEGGER_RTL_vfscanf_int)
C:/Program Files/SEGGER/SEGGER Embedded Studio 8.14a/lib/libc_v7em_t_le_eabi_small.a(utilops.o)
                              C:/Program Files/SEGGER/SEGGER Embedded Studio 8.14a/lib/libc_v7em_t_le_eabi_small.a(__SEGGER_RTL_vfscanf_int.o) (__SEGGER_RTL_digit)
C:/Program Files/SEGGER/SEGGER Embedded Studio 8.14a/lib/libc_v7em_t_le_eabi_small.a(intasmops_arm.o)
                              C:/Program Files/SEGGER/SEGGER Embedded Studio 8.14a/lib/libc_v7em_t_le_eabi_small.a(__SEGGER_RTL_vfprintf_int_nwp.o) (__aeabi_uldivmod)
C:/Program Files/SEGGER/SEGGER Embedded Studio 8.14a/lib/libc_v7em_t_le_eabi_small.a(prinops.o)
                              C:/Program Files/SEGGER/SEGGER Embedded Studio 8.14a/lib/libc_v7em_t_le_eabi_small.a(__SEGGER_RTL_vfprintf_int_nwp.o) (__SEGGER_RTL_putc)
C:/Program Files/SEGGER/SEGGER Embedded Studio 8.14a/lib/libc_v7em_t_le_eabi_small.a(fileops.o)
                              C:/Program Files/SEGGER/SEGGER Embedded Studio 8.14a/lib/libc_v7em_t_le_eabi_small.a(prinops.o) (fwrite)
C:/Program Files/SEGGER/SEGGER Embedded Studio 8.14a/lib/libc_v7em_t_le_eabi_small.a(errno.o)
                              C:/Program Files/SEGGER/SEGGER Embedded Studio 8.14a/lib/libc_v7em_t_le_eabi_small.a(fileops.o) (__aeabi_errno_addr)
C:/Program Files/SEGGER/SEGGER Embedded Studio 8.14a/lib/heapops_disable_interrupts_locking_v7em_t_le_eabi_small.a(heapops.o)
                              C:/Program Files/SEGGER/SEGGER Embedded Studio 8.14a/lib/libc_v7em_t_le_eabi_small.a(prinops.o) (free)
C:/Program Files/SEGGER/SEGGER Embedded Studio 8.14a/lib/strops_v7em_t_le_eabi_small.a(strops.o)
                              C:/Program Files/SEGGER/SEGGER Embedded Studio 8.14a/lib/libc_v7em_t_le_eabi_small.a(fileops.o) (strlen)
C:/Program Files/SEGGER/SEGGER Embedded Studio 8.14a/lib/strops_v7em_t_le_eabi_small.a(strasmops_arm.o)
                              C:/Program Files/SEGGER/SEGGER Embedded Studio 8.14a/lib/strops_v7em_t_le_eabi_small.a(strops.o) (strcmp)
C:/Program Files/SEGGER/SEGGER Embedded Studio 8.14a/lib/mbops_timeops_v7em_t_le_eabi_small.a(mbops.o)
                              C:/Program Files/SEGGER/SEGGER Embedded Studio 8.14a/lib/libc_v7em_t_le_eabi_small.a(prinops.o) (__SEGGER_RTL_current_locale)
C:/Program Files/SEGGER/SEGGER Embedded Studio 8.14a/lib/mbops_timeops_v7em_t_le_eabi_small.a(timeops.o)
                              C:/Program Files/SEGGER/SEGGER Embedded Studio 8.14a/lib/mbops_timeops_v7em_t_le_eabi_small.a(mbops.o) (__SEGGER_RTL_string_list_encode)
C:/Program Files/SEGGER/SEGGER Embedded Studio 8.14a/lib/libc_v7em_t_le_eabi_small.a(execops.o)
                              C:/Program Files/SEGGER/SEGGER Embedded Studio 8.14a/lib/strops_v7em_t_le_eabi_small.a(strops.o) (__SEGGER_RTL_constraint_violation)
C:/Program Files/SEGGER/SEGGER Embedded Studio 8.14a/lib/libc_v7em_t_le_eabi_small.a(execops_arm.o)
                              C:/Program Files/SEGGER/SEGGER Embedded Studio 8.14a/lib/libc_v7em_t_le_eabi_small.a(execops.o) (__aeabi_SIGABRT)
C:/Program Files/SEGGER/SEGGER Embedded Studio 8.14a/lib/libc_v7em_t_le_eabi_small.a(intops.o)
                              C:/Program Files/SEGGER/SEGGER Embedded Studio 8.14a/lib/mbops_timeops_v7em_t_le_eabi_small.a(timeops.o) (div)
C:/Program Files/SEGGER/SEGGER Embedded Studio 8.14a/lib/libc_v7em_t_le_eabi_small.a(sortops.o)
                              C:/Program Files/SEGGER/SEGGER Embedded Studio 8.14a/lib/mbops_timeops_v7em_t_le_eabi_small.a(mbops.o) (bsearch)
C:/Program Files/SEGGER/SEGGER Embedded Studio 8.14a/lib/libc_v7em_t_le_eabi_small.a(convops.o)
                              C:/Program Files/SEGGER/SEGGER Embedded Studio 8.14a/lib/libc_v7em_t_le_eabi_small.a(execops.o) (itoa)
C:/Program Files/SEGGER/SEGGER Embedded Studio 8.14a/lib/libc_v7em_t_le_eabi_small.a(floatops.o)
                              C:/Program Files/SEGGER/SEGGER Embedded Studio 8.14a/lib/libc_v7em_t_le_eabi_small.a(convops.o) (__SEGGER_RTL_float32_isinf)
[...]
Memory Configuration

Name             Origin             Length             Attributes
UNPLACED_SECTIONS 0x00000000         0x00000000         xw
RAM              0x20000000         0x00080000         xw
*default*        0x00000000         0xffffffff

Linker script and memory map

                0x20000000                        __RAM_segment_start__ = 0x20000000
                0x20080000                        __RAM_segment_end__ = 0x20080000
                0x00080000                        __RAM_segment_size__ = 0x80000
                0x00000000                        __HEAPSIZE__ = 0x0
                0x00000000                        __SEGGER_RTL_vfprintf = __SEGGER_RTL_vfprintf_int_nwp
                0x00000000                        __SEGGER_RTL_vfscanf = __SEGGER_RTL_vfscanf_int
                0x00000008                        __STACKSIZE_PROCESS__ = 0x8
                0x00000100                        __STACKSIZE__ = 0x100
                0x20000000                        __PrgCode_load_start__ = ALIGN (__RAM_segment_start__, 0x4)

PrgCode         0x20000000       0x34
                0x20000000                        __PrgCode_start__ = .
 *(PrgCode PrgCode.*)
 PrgCode        0x20000000       0x34 Output/Release/Obj/Flashloader/FlashPrg.o
                0x20000000                SEGGER_OFL_Api
                0x20000034                        __PrgCode_end__ = (__PrgCode_start__ + SIZEOF (PrgCode))
                0x00000034                        __PrgCode_size__ = SIZEOF (PrgCode)
                0x20000034                        __PrgCode_load_end__ = __PrgCode_end__
                0x00000001                        . = ASSERT (((__PrgCode_start__ == __PrgCode_end__) || ((__PrgCode_end__ - __RAM_segment_start__) <= __RAM_segment_size__)), error: PrgCode is too large to fit in RAM memory segment)
                0x20000034                        __vectors_load_start__ = ALIGN (__PrgCode_end__, 0x4)

.vectors        0x20000034       0x40
                0x20000034                        __vectors_start__ = .
 *(.vectors .vectors.*)
 .vectors       0x20000034       0x40 Output/Release/Obj/Flashloader/Startup.o
                0x20000034                _vectors
                0x20000074                        __vectors_end__ = (__vectors_start__ + SIZEOF (.vectors))
                0x00000040                        __vectors_size__ = SIZEOF (.vectors)
                0x20000074                        __vectors_load_end__ = __vectors_end__
                0x00000001                        . = ASSERT (((__vectors_start__ == __vectors_end__) || ((__vectors_end__ - __RAM_segment_start__) <= __RAM_segment_size__)), error: .vectors is too large to fit in RAM memory segment)
                0x20000074                        __init_load_start__ = ALIGN (__vectors_end__, 0x4)

.init           0x20000074       0x30
                0x20000074                        __init_start__ = .
 *(.init .init.*)
 .init          0x20000074       0x30 Output/Release/Obj/Flashloader/Startup.o
                0x20000074                NMI_Handler
                0x20000076                HardFault_Handler
                0x20000078                SVC_Handler
                0x2000007a                PendSV_Handler
                0x2000007c                SysTick_Handler
                0x2000007e                reset_handler
                0x200000a4                        __init_end__ = (__init_start__ + SIZEOF (.init))
                0x00000030                        __init_size__ = SIZEOF (.init)
                0x200000a4                        __init_load_end__ = __init_end__
                0x00000001                        . = ASSERT (((__init_start__ == __init_end__) || ((__init_end__ - __RAM_segment_start__) <= __RAM_segment_size__)), error: .init is too large to fit in RAM memory segment)
                0x200000a4                        __init_rodata_load_start__ = ALIGN (__init_end__, 0x4)

.init_rodata    0x200000a4        0x0
                0x200000a4                        __init_rodata_start__ = .
 *(.init_rodata .init_rodata.*)
                0x200000a4                        __init_rodata_end__ = (__init_rodata_start__ + SIZEOF (.init_rodata))
                0x00000000                        __init_rodata_size__ = SIZEOF (.init_rodata)
                0x200000a4                        __init_rodata_load_end__ = __init_rodata_end__
                0x00000001                        . = ASSERT (((__init_rodata_start__ == __init_rodata_end__) || ((__init_rodata_end__ - __RAM_segment_start__) <= __RAM_segment_size__)), error: .init_rodata is too large to fit in RAM memory segment)
                0x200000a4                        __text_load_start__ = ALIGN (__init_rodata_end__, 0x4)

.text           0x200000a4     0x28cc
                0x200000a4                        __text_start__ = .
 *(.text .text.* .gnu.linkonce.t.* .glue_7t .glue_7 .gcc_except_table .ARM.extab* .gnu.linkonce.armextab.*)
 .glue_7        0x200000a4        0x0 linker stubs
 .glue_7t       0x200000a4        0x0 linker stubs
 .text.MX_IWDG1_Init
                0x200000a4       0x20 Output/Release/Obj/Flashloader/iwdg.o
                0x200000a4                MX_IWDG1_Init
 .text.QSPI_W25Qxx_AutoPollingMemReady
                0x200000c4       0x58 Output/Release/Obj/Flashloader/qspi_w25q256.o
                0x200000c4                QSPI_W25Qxx_AutoPollingMemReady
 .text.QSPI_W25Qxx_Reset
                0x2000011c       0x64 Output/Release/Obj/Flashloader/qspi_w25q256.o
                0x2000011c                QSPI_W25Qxx_Reset
 .text.QSPI_W25Qxx_ReadID
                0x20000180       0x74 Output/Release/Obj/Flashloader/qspi_w25q256.o
                0x20000180                QSPI_W25Qxx_ReadID
 .text.QSPI_W25Qxx_Init
                0x200001f4       0x1c Output/Release/Obj/Flashloader/qspi_w25q256.o
                0x200001f4                QSPI_W25Qxx_Init
 .text.QSPI_W25Qxx_WriteEnable
                0x20000210       0x78 Output/Release/Obj/Flashloader/qspi_w25q256.o
                0x20000210                QSPI_W25Qxx_WriteEnable
 .text.QSPI_W25Qxx_BlockErase_64K
                0x20000288       0x60 Output/Release/Obj/Flashloader/qspi_w25q256.o
                0x20000288                QSPI_W25Qxx_BlockErase_64K
 .text.QSPI_W25Qxx_WritePage
                0x200002e8       0x78 Output/Release/Obj/Flashloader/qspi_w25q256.o
                0x200002e8                QSPI_W25Qxx_WritePage
 .text.QSPI_W25Qxx_WriteBuffer
                0x20000360       0x56 Output/Release/Obj/Flashloader/qspi_w25q256.o
                0x20000360                QSPI_W25Qxx_WriteBuffer
 *fill*         0x200003b6        0x2 
 .text.QSPI_W25Qxx_ReadBuffer
                0x200003b8       0x6c Output/Release/Obj/Flashloader/qspi_w25q256.o
                0x200003b8                QSPI_W25Qxx_ReadBuffer
 .text.MX_QUADSPI_Init
                0x20000424       0x30 Output/Release/Obj/Flashloader/quadspi.o
                0x20000424                MX_QUADSPI_Init
 .text.HAL_QSPI_MspInit
                0x20000454       0xe0 Output/Release/Obj/Flashloader/quadspi.o
                0x20000454                HAL_QSPI_MspInit
 .text.HAL_InitTick
                0x20000534       0x4c Output/Release/Obj/Flashloader/stm32h7xx_hal.o
                0x20000534                HAL_InitTick
 .text.HAL_GetTick
                0x20000580        0xc Output/Release/Obj/Flashloader/stm32h7xx_hal.o
                0x20000580                HAL_GetTick
 .text.HAL_GetREVID
                0x2000058c        0xc Output/Release/Obj/Flashloader/stm32h7xx_hal.o
                0x2000058c                HAL_GetREVID
 .text.HAL_NVIC_SetPriority
                0x20000598       0x64 Output/Release/Obj/Flashloader/stm32h7xx_hal_cortex.o
                0x20000598                HAL_NVIC_SetPriority
 .text.HAL_SYSTICK_Config
                0x200005fc       0x28 Output/Release/Obj/Flashloader/stm32h7xx_hal_cortex.o
                0x200005fc                HAL_SYSTICK_Config
 .text.HAL_GPIO_Init
                0x20000624      0x1d0 Output/Release/Obj/Flashloader/stm32h7xx_hal_gpio.o
                0x20000624                HAL_GPIO_Init
 .text.HAL_IWDG_Init
                0x200007f4       0x5a Output/Release/Obj/Flashloader/stm32h7xx_hal_iwdg.o
                0x200007f4                HAL_IWDG_Init
 .text.HAL_IWDG_Refresh
                0x2000084e        0xc Output/Release/Obj/Flashloader/stm32h7xx_hal_iwdg.o
                0x2000084e                HAL_IWDG_Refresh
 *fill*         0x2000085a        0x2 
 .text.HAL_PWREx_ConfigSupply
                0x2000085c       0x48 Output/Release/Obj/Flashloader/stm32h7xx_hal_pwr_ex.o
                0x2000085c                HAL_PWREx_ConfigSupply
 .text.QSPI_Config
                0x200008a4      0x170 Output/Release/Obj/Flashloader/stm32h7xx_hal_qspi.o
 .text.QSPI_WaitFlagStateUntilTimeout
                0x20000a14       0x50 Output/Release/Obj/Flashloader/stm32h7xx_hal_qspi.o
 .text.HAL_QSPI_Init
                0x20000a64       0x98 Output/Release/Obj/Flashloader/stm32h7xx_hal_qspi.o
                0x20000a64                HAL_QSPI_Init
 .text.HAL_QSPI_Command
                0x20000afc       0x88 Output/Release/Obj/Flashloader/stm32h7xx_hal_qspi.o
                0x20000afc                HAL_QSPI_Command
 .text.HAL_QSPI_Transmit
                0x20000b84       0xb8 Output/Release/Obj/Flashloader/stm32h7xx_hal_qspi.o
                0x20000b84                HAL_QSPI_Transmit
 .text.HAL_QSPI_Receive
                0x20000c3c       0xc0 Output/Release/Obj/Flashloader/stm32h7xx_hal_qspi.o
                0x20000c3c                HAL_QSPI_Receive
 .text.HAL_QSPI_AutoPolling
                0x20000cfc       0xa2 Output/Release/Obj/Flashloader/stm32h7xx_hal_qspi.o
                0x20000cfc                HAL_QSPI_AutoPolling
 *fill*         0x20000d9e        0x2 
 .text.HAL_RCC_OscConfig
                0x20000da0      0x550 Output/Release/Obj/Flashloader/stm32h7xx_hal_rcc.o
                0x20000da0                HAL_RCC_OscConfig
 .text.HAL_RCC_GetSysClockFreq
                0x200012f0      0x158 Output/Release/Obj/Flashloader/stm32h7xx_hal_rcc.o
                0x200012f0                HAL_RCC_GetSysClockFreq
 .text.HAL_RCC_ClockConfig
                0x20001448      0x24c Output/Release/Obj/Flashloader/stm32h7xx_hal_rcc.o
                0x20001448                HAL_RCC_ClockConfig
 .text.RCCEx_PLL2_Config
                0x20001694       0xec Output/Release/Obj/Flashloader/stm32h7xx_hal_rcc_ex.o
 .text.RCCEx_PLL3_Config
                0x20001780       0xec Output/Release/Obj/Flashloader/stm32h7xx_hal_rcc_ex.o
 .text.HAL_RCCEx_PeriphCLKConfig
                0x2000186c      0x9cc Output/Release/Obj/Flashloader/stm32h7xx_hal_rcc_ex.o
                0x2000186c                HAL_RCCEx_PeriphCLKConfig
 .text.SystemInit
                0x20002238       0xb0 Output/Release/Obj/Flashloader/system_stm32h7xx.o
                0x20002238                SystemInit
 .text.SystemClock_Config
                0x200022e8       0xc0 Output/Release/Obj/Flashloader/SystemConfig.o
                0x200022e8                SystemClock_Config
 .text.UnInit   0x200023a8        0x4 Output/Release/Obj/Flashloader/FlashPrg.o
                0x200023a8                UnInit
 .text._FeedWatchdog
                0x200023ac       0x14 Output/Release/Obj/Flashloader/FlashPrg.o
 .text.Init     0x200023c0       0x26 Output/Release/Obj/Flashloader/FlashPrg.o
                0x200023c0                Init
 .text.EraseSector
                0x200023e6       0x18 Output/Release/Obj/Flashloader/FlashPrg.o
                0x200023e6                EraseSector
 .text.SEGGER_OPEN_Erase
                0x200023fe       0x1c Output/Release/Obj/Flashloader/FlashPrg.o
                0x200023fe                SEGGER_OPEN_Erase
 .text.ProgramPage
                0x2000241a       0x12 Output/Release/Obj/Flashloader/FlashPrg.o
                0x2000241a                ProgramPage
 .text.SEGGER_OPEN_Program
                0x2000242c       0x22 Output/Release/Obj/Flashloader/FlashPrg.o
                0x2000242c                SEGGER_OPEN_Program
 *fill*         0x2000244e        0x2 
 .text.BlankCheck
                0x20002450       0x48 Output/Release/Obj/Flashloader/FlashPrg.o
                0x20002450                BlankCheck
 .text.SEGGER_OPEN_Read
                0x20002498       0x24 Output/Release/Obj/Flashloader/FlashPrg.o
                0x20002498                SEGGER_OPEN_Read
 .text.SEGGER_OPEN_CalcCRC
                0x200024bc       0x1c Output/Release/Obj/Flashloader/FlashPrg.o
                0x200024bc                SEGGER_OPEN_CalcCRC
 .text.SEGGER_OPEN_Start
                0x200024d8        0xc Output/Release/Obj/Flashloader/FlashPrg.o
                0x200024d8                SEGGER_OPEN_Start
 .text.startup.main
                0x200024e4        0x4 Output/Release/Obj/Flashloader/main.o
                0x200024e4                main
 .text.SEGGER_OFL_Lib_CalcCRC
                0x200024e8       0xac Src/SEGGER_OFL_Lib_CortexM_LE.a(SEGGER_OFL_Lib.o)
                0x200024e8                SEGGER_OFL_Lib_CalcCRC
 .text.SEGGER_OFL_Lib_StartTurbo
                0x20002594       0xdc Src/SEGGER_OFL_Lib_CortexM_LE.a(SEGGER_OFL_Lib.o)
                0x20002594                SEGGER_OFL_Lib_StartTurbo
 .text.libc.__gnu_thumb1_case_uqi
                0x20002670       0x12 C:/Program Files/SEGGER/SEGGER Embedded Studio 8.14a/lib/libc_v7em_t_le_eabi_small.a(compilerasmops_arm.o)
                0x20002670                __gnu_thumb1_case_uqi
 .text.libc.__aeabi_fadd
                0x20002682      0x110 C:/Program Files/SEGGER/SEGGER Embedded Studio 8.14a/lib/libc_v7em_t_le_eabi_small.a(floatasmops_arm.o)
                0x20002682                __aeabi_fadd
 .text.libc.__aeabi_fmul
                0x20002792       0xc4 C:/Program Files/SEGGER/SEGGER Embedded Studio 8.14a/lib/libc_v7em_t_le_eabi_small.a(floatasmops_arm.o)
                0x20002792                __aeabi_fmul
 .text.libc.__aeabi_fdiv
                0x20002856       0xc2 C:/Program Files/SEGGER/SEGGER Embedded Studio 8.14a/lib/libc_v7em_t_le_eabi_small.a(floatasmops_arm.o)
                0x20002856                __aeabi_fdiv
 .text.libc.__aeabi_f2uiz
                0x20002918       0x1e C:/Program Files/SEGGER/SEGGER Embedded Studio 8.14a/lib/libc_v7em_t_le_eabi_small.a(floatasmops_arm.o)
                0x20002918                __aeabi_f2uiz
 .text.libc.__aeabi_ui2f
                0x20002936       0x28 C:/Program Files/SEGGER/SEGGER Embedded Studio 8.14a/lib/libc_v7em_t_le_eabi_small.a(floatasmops_arm.o)
                0x20002936                __aeabi_ui2f
 .text.libc.__aeabi_memclr
                0x2000295e       0x12 C:/Program Files/SEGGER/SEGGER Embedded Studio 8.14a/lib/strops_v7em_t_le_eabi_small.a(strasmops_arm.o)
                0x2000295e                __aeabi_memclr8
                0x2000295e                __aeabi_memclr
                0x2000295e                __aeabi_memclr4
                0x20002960                __aeabi_memset4
                0x20002960                __aeabi_memset8
                0x20002960                __aeabi_memset
                0x20002966                memset
                0x20002970                        __text_end__ = (__text_start__ + SIZEOF (.text))
                0x000028cc                        __text_size__ = SIZEOF (.text)
                0x20002970                        __text_load_end__ = __text_end__

.vfp11_veneer   0x00000000        0x0
 .vfp11_veneer  0x00000000        0x0 linker stubs

.v4_bx          0x00000000        0x0
 .v4_bx         0x00000000        0x0 linker stubs

.iplt           0x00000000        0x0
 .iplt          0x00000000        0x0 Output/Release/Obj/Flashloader/iwdg.o
                0x00000001                        . = ASSERT (((__text_start__ == __text_end__) || ((__text_end__ - __RAM_segment_start__) <= __RAM_segment_size__)), error: .text is too large to fit in RAM memory segment)
                0x20002970                        __rodata_load_start__ = ALIGN (__text_end__, 0x4)

.rodata         0x20002970       0x90
                0x20002970                        __rodata_start__ = .
 *(.rodata .rodata.* .gnu.linkonce.r.*)
 .rodata.D1CorePrescTable
                0x20002970       0x10 Output/Release/Obj/Flashloader/system_stm32h7xx.o
                0x20002970                D1CorePrescTable
 .rodata._aTblPolynom0x82F63B78
                0x20002980       0x40 Src/SEGGER_OFL_Lib_CortexM_LE.a(SEGGER_OFL_Lib.o)
 .rodata._aTblPolynom0xEDB88320
                0x200029c0       0x40 Src/SEGGER_OFL_Lib_CortexM_LE.a(SEGGER_OFL_Lib.o)
                0x20002a00                        __rodata_end__ = (__rodata_start__ + SIZEOF (.rodata))
                0x00000090                        __rodata_size__ = SIZEOF (.rodata)
                0x20002a00                        __rodata_load_end__ = __rodata_end__
                0x00000001                        . = ASSERT (((__rodata_start__ == __rodata_end__) || ((__rodata_end__ - __RAM_segment_start__) <= __RAM_segment_size__)), error: .rodata is too large to fit in RAM memory segment)
                0x20002a00                        __dtors_load_start__ = ALIGN (__rodata_end__, 0x4)

.dtors          0x20002a00        0x0
                0x20002a00                        __dtors_start__ = .
 *(SORT_BY_NAME(.dtors.*))
 *(.dtors)
 *(.fini_array)
 *(SORT_BY_NAME(.fini_array.*))
                0x20002a00                        __dtors_end__ = (__dtors_start__ + SIZEOF (.dtors))
                0x00000000                        __dtors_size__ = SIZEOF (.dtors)
                0x20002a00                        __dtors_load_end__ = __dtors_end__
                0x00000001                        . = ASSERT (((__dtors_start__ == __dtors_end__) || ((__dtors_end__ - __RAM_segment_start__) <= __RAM_segment_size__)), error: .dtors is too large to fit in RAM memory segment)
                0x20002a00                        __ctors_load_start__ = ALIGN (__dtors_end__, 0x4)

.ctors          0x20002a00        0x0
                0x20002a00                        __ctors_start__ = .
 *(SORT_BY_NAME(.ctors.*))
 *(.ctors)
 *(.init_array)
 *(SORT_BY_NAME(.init_array.*))
                0x20002a00                        __ctors_end__ = (__ctors_start__ + SIZEOF (.ctors))
                0x00000000                        __ctors_size__ = SIZEOF (.ctors)
                0x20002a00                        __ctors_load_end__ = __ctors_end__
                0x00000001                        . = ASSERT (((__ctors_start__ == __ctors_end__) || ((__ctors_end__ - __RAM_segment_start__) <= __RAM_segment_size__)), error: .ctors is too large to fit in RAM memory segment)
                0x20002a00                        __tdata_load_start__ = ALIGN (__ctors_end__, 0x4)

.tdata          0x20002a00        0x0
                0x20002a00                        __tdata_start__ = .
 *(.tdata .tdata.*)
                0x20002a00                        __tdata_end__ = (__tdata_start__ + SIZEOF (.tdata))
                0x00000000                        __tdata_size__ = SIZEOF (.tdata)
                0x20002a00                        __tdata_load_end__ = __tdata_end__
                0x00000001                        . = ASSERT (((__tdata_start__ == __tdata_end__) || ((__tdata_end__ - __RAM_segment_start__) <= __RAM_segment_size__)), error: .tdata is too large to fit in RAM memory segment)
                0x20002a00                        __PrgData_load_start__ = ALIGN (__tdata_end__, 0x4)

PrgData         0x20002a00        0x4
                0x20002a00                        __PrgData_start__ = .
 *(PrgData PrgData.*)
 PrgData        0x20002a00        0x4 Output/Release/Obj/Flashloader/FlashPrg.o
                0x20002a00                PRGDATA_StartMarker
                0x20002a04                        __PrgData_end__ = (__PrgData_start__ + SIZEOF (PrgData))
                0x00000004                        __PrgData_size__ = SIZEOF (PrgData)
                0x20002a04                        __PrgData_load_end__ = __PrgData_end__
                0x00000001                        . = ASSERT (((__PrgData_start__ == __PrgData_end__) || ((__PrgData_end__ - __RAM_segment_start__) <= __RAM_segment_size__)), error: PrgData is too large to fit in RAM memory segment)
                0x20002a04                        __data_load_start__ = ALIGN (__PrgData_end__, 0x4)

.data           0x20002a04       0x10
                0x20002a04                        __data_start__ = .
 *(.data .data.* .gnu.linkonce.d.*)
 .data.uwTickFreq
                0x20002a04        0x1 Output/Release/Obj/Flashloader/stm32h7xx_hal.o
                0x20002a04                uwTickFreq
 *fill*         0x20002a05        0x3 
 .data.uwTickPrio
                0x20002a08        0x4 Output/Release/Obj/Flashloader/stm32h7xx_hal.o
                0x20002a08                uwTickPrio
 .data.SystemD2Clock
                0x20002a0c        0x4 Output/Release/Obj/Flashloader/system_stm32h7xx.o
                0x20002a0c                SystemD2Clock
 .data.SystemCoreClock
                0x20002a10        0x4 Output/Release/Obj/Flashloader/system_stm32h7xx.o
                0x20002a10                SystemCoreClock
                0x20002a14                        __data_end__ = (__data_start__ + SIZEOF (.data))
                0x00000010                        __data_size__ = SIZEOF (.data)
                0x20002a14                        __data_load_end__ = __data_end__

.igot.plt       0x00000000        0x0
 .igot.plt      0x00000000        0x0 Output/Release/Obj/Flashloader/iwdg.o
                0x00000001                        . = ASSERT (((__data_start__ == __data_end__) || ((__data_end__ - __RAM_segment_start__) <= __RAM_segment_size__)), error: .data is too large to fit in RAM memory segment)
                0x20002a14                        __fast_load_start__ = ALIGN (__data_end__, 0x4)

.fast           0x20002a14        0x0
                0x20002a14                        __fast_start__ = .
 *(.fast .fast.*)
                0x20002a14                        __fast_end__ = (__fast_start__ + SIZEOF (.fast))
                0x00000000                        __fast_size__ = SIZEOF (.fast)
                0x20002a14                        __fast_load_end__ = __fast_end__
                0x00000001                        . = ASSERT (((__fast_start__ == __fast_end__) || ((__fast_end__ - __RAM_segment_start__) <= __RAM_segment_size__)), error: .fast is too large to fit in RAM memory segment)
                0x20002a14                        __ARM.exidx_load_start__ = ALIGN (__fast_end__, 0x4)

.ARM.exidx      0x20002a14        0x0
                0x20002a14                        __ARM.exidx_start__ = .
                0x20002a14                        __exidx_start = __ARM.exidx_start__
 *(.ARM.exidx .ARM.exidx.*)
                0x20002a14                        __ARM.exidx_end__ = (__ARM.exidx_start__ + SIZEOF (.ARM.exidx))
                0x00000000                        __ARM.exidx_size__ = SIZEOF (.ARM.exidx)
                0x20002a14                        __exidx_end = __ARM.exidx_end__
                0x20002a14                        __ARM.exidx_load_end__ = __ARM.exidx_end__
                0x00000001                        . = ASSERT (((__ARM.exidx_start__ == __ARM.exidx_end__) || ((__ARM.exidx_end__ - __RAM_segment_start__) <= __RAM_segment_size__)), error: .ARM.exidx is too large to fit in RAM memory segment)
                0x20002a14                        __bss_load_start__ = ALIGN (__ARM.exidx_end__, 0x4)

.bss            0x20002a14     0x1060
                0x20002a14                        __bss_start__ = .
 *(.bss .bss.* .gnu.linkonce.b.*)
 .bss.hiwdg1    0x20002a14       0x10 Output/Release/Obj/Flashloader/iwdg.o
                0x20002a14                hiwdg1
 .bss.hqspi     0x20002a24       0x4c Output/Release/Obj/Flashloader/quadspi.o
                0x20002a24                hqspi
 .bss.uwTick    0x20002a70        0x4 Output/Release/Obj/Flashloader/stm32h7xx_hal.o
                0x20002a70                uwTick
 .bss.Data.0    0x20002a74     0x1000 Output/Release/Obj/Flashloader/FlashPrg.o
 *(COMMON)
                0x20003a74                        __bss_end__ = (__bss_start__ + SIZEOF (.bss))
                0x00001060                        __bss_size__ = SIZEOF (.bss)
                0x20003a74                        __bss_load_end__ = __bss_end__
                0x00000001                        . = ASSERT (((__bss_start__ == __bss_end__) || ((__bss_end__ - __RAM_segment_start__) <= __RAM_segment_size__)), error: .bss is too large to fit in RAM memory segment)
                0x20003a74                        __non_init_load_start__ = ALIGN (__bss_end__, 0x4)

.non_init       0x20003a74        0x0
                0x20003a74                        __non_init_start__ = .
 *(.non_init .non_init.*)
                0x20003a74                        __non_init_end__ = (__non_init_start__ + SIZEOF (.non_init))
                0x00000000                        __non_init_size__ = SIZEOF (.non_init)
                0x20003a74                        __non_init_load_end__ = __non_init_end__
                0x00000001                        . = ASSERT (((__non_init_start__ == __non_init_end__) || ((__non_init_end__ - __RAM_segment_start__) <= __RAM_segment_size__)), error: .non_init is too large to fit in RAM memory segment)
                0x20003a74                        __heap_load_start__ = ALIGN (__non_init_end__, 0x4)

.heap           0x20003a74        0x0
                0x20003a74                        __heap_start__ = .
 *(.heap .heap.*)
                0x20003a74                        . = ALIGN (MAX ((__heap_start__ + __HEAPSIZE__), .), 0x4)
                0x20003a74                        __heap_end__ = (__heap_start__ + SIZEOF (.heap))
                0x00000000                        __heap_size__ = SIZEOF (.heap)
                0x20003a74                        __heap_load_end__ = __heap_end__
                0x00000001                        . = ASSERT (((__heap_start__ == __heap_end__) || ((__heap_end__ - __RAM_segment_start__) <= __RAM_segment_size__)), error: .heap is too large to fit in RAM memory segment)
                0x00000001                        . = ASSERT ((__HEAPSIZE__ == ALIGN (__HEAPSIZE__, 0x4)), error: .heap section size does not match alignment)
                0x00000001                        . = ASSERT ((__heap_size__ <= __HEAPSIZE__), error: .heap section is larger than specified size)
                0x20003a78                        __stack_load_start__ = ALIGN (__heap_end__, 0x8)

.stack          0x20003a78      0x100
                0x20003a78                        __stack_start__ = .
 *(.stack .stack.*)
                0x20003b78                        . = ALIGN (MAX ((__stack_start__ + __STACKSIZE__), .), 0x8)
 *fill*         0x20003a78      0x100 
                0x20003b78                        __stack_end__ = (__stack_start__ + SIZEOF (.stack))
                0x00000100                        __stack_size__ = SIZEOF (.stack)
                0x20003b78                        __stack_load_end__ = __stack_end__
                0x00000001                        . = ASSERT (((__stack_start__ == __stack_end__) || ((__stack_end__ - __RAM_segment_start__) <= __RAM_segment_size__)), error: .stack is too large to fit in RAM memory segment)
                0x00000001                        . = ASSERT ((__STACKSIZE__ == ALIGN (__STACKSIZE__, 0x8)), error: .stack section size does not match alignment)
                0x00000001                        . = ASSERT ((__stack_size__ <= __STACKSIZE__), error: .stack section is larger than specified size)
                0x20003b78                        __stack_process_load_start__ = ALIGN (__stack_end__, 0x8)

.stack_process  0x20003b78        0x8
                0x20003b78                        __stack_process_start__ = .
 *(.stack_process .stack_process.*)
                0x20003b80                        . = ALIGN (MAX ((__stack_process_start__ + __STACKSIZE_PROCESS__), .), 0x8)
 *fill*         0x20003b78        0x8 
                0x20003b80                        __stack_process_end__ = (__stack_process_start__ + SIZEOF (.stack_process))
                0x00000008                        __stack_process_size__ = SIZEOF (.stack_process)
                0x20003b80                        __stack_process_load_end__ = __stack_process_end__
                0x00000001                        . = ASSERT (((__stack_process_start__ == __stack_process_end__) || ((__stack_process_end__ - __RAM_segment_start__) <= __RAM_segment_size__)), error: .stack_process is too large to fit in RAM memory segment)
                0x00000001                        . = ASSERT ((__STACKSIZE_PROCESS__ == ALIGN (__STACKSIZE_PROCESS__, 0x8)), error: .stack_process section size does not match alignment)
                0x00000001                        . = ASSERT ((__stack_process_size__ <= __STACKSIZE_PROCESS__), error: .stack_process section is larger than specified size)
                0x20003b80                        __tbss_load_start__ = ALIGN (__stack_process_end__, 0x4)

.tbss           0x20003b80        0x0
                0x20003b80                        __tbss_start__ = .
 *(.tbss .tbss.*)
                0x20003b80                        __tbss_end__ = (__tbss_start__ + SIZEOF (.tbss))
                0x00000000                        __tbss_size__ = SIZEOF (.tbss)
                0x20003b80                        __tbss_load_end__ = __tbss_end__
                0x00000001                        . = ASSERT (((__tbss_start__ == __tbss_end__) || ((__tbss_end__ - __RAM_segment_start__) <= __RAM_segment_size__)), error: .tbss is too large to fit in RAM memory segment)
                0x20003b80                        __DevDscr_load_start__ = ALIGN (__tbss_end__, 0x4)

DevDscr         0x20003b80       0xc0
                0x20003b80                        __DevDscr_start__ = .
 *(DevDscr DevDscr.*)
 DevDscr        0x20003b80       0xc0 Output/Release/Obj/Flashloader/FlashDev.o
                0x20003b80                FlashDevice
                0x20003c40                        __DevDscr_end__ = (__DevDscr_start__ + SIZEOF (DevDscr))
                0x000000c0                        __DevDscr_size__ = SIZEOF (DevDscr)
                0x20003c40                        __DevDscr_load_end__ = __DevDscr_end__
                0x20003c40                        __RAM_segment_used_end__ = (ALIGN (__tbss_end__, 0x4) + SIZEOF (DevDscr))
                0x00003c40                        __RAM_segment_used_size__ = (__RAM_segment_used_end__ - __RAM_segment_start__)
                0x00000001                        . = ASSERT (((__DevDscr_start__ == __DevDscr_end__) || ((__DevDscr_end__ - __RAM_segment_start__) <= __RAM_segment_size__)), error: DevDscr is too large to fit in RAM memory segment)
START GROUP
LOAD Output/Release/Obj/Flashloader/iwdg.o
LOAD Output/Release/Obj/Flashloader/qspi_w25q256.o
LOAD Output/Release/Obj/Flashloader/quadspi.o
LOAD Output/Release/Obj/Flashloader/stm32h7xx_hal.o
LOAD Output/Release/Obj/Flashloader/stm32h7xx_hal_cortex.o
LOAD Output/Release/Obj/Flashloader/stm32h7xx_hal_dma.o
LOAD Output/Release/Obj/Flashloader/stm32h7xx_hal_dma_ex.o
LOAD Output/Release/Obj/Flashloader/stm32h7xx_hal_exti.o
LOAD Output/Release/Obj/Flashloader/stm32h7xx_hal_flash.o
LOAD Output/Release/Obj/Flashloader/stm32h7xx_hal_flash_ex.o
LOAD Output/Release/Obj/Flashloader/stm32h7xx_hal_gpio.o
LOAD Output/Release/Obj/Flashloader/stm32h7xx_hal_hsem.o
LOAD Output/Release/Obj/Flashloader/stm32h7xx_hal_i2c.o
LOAD Output/Release/Obj/Flashloader/stm32h7xx_hal_i2c_ex.o
LOAD Output/Release/Obj/Flashloader/stm32h7xx_hal_iwdg.o
LOAD Output/Release/Obj/Flashloader/stm32h7xx_hal_mdma.o
LOAD Output/Release/Obj/Flashloader/stm32h7xx_hal_pwr.o
LOAD Output/Release/Obj/Flashloader/stm32h7xx_hal_pwr_ex.o
LOAD Output/Release/Obj/Flashloader/stm32h7xx_hal_qspi.o
LOAD Output/Release/Obj/Flashloader/stm32h7xx_hal_rcc.o
LOAD Output/Release/Obj/Flashloader/stm32h7xx_hal_rcc_ex.o
LOAD Output/Release/Obj/Flashloader/stm32h7xx_hal_tim.o
LOAD Output/Release/Obj/Flashloader/stm32h7xx_hal_tim_ex.o
LOAD Output/Release/Obj/Flashloader/system_stm32h7xx.o
LOAD Output/Release/Obj/Flashloader/SystemConfig.o
LOAD Output/Release/Obj/Flashloader/FlashDev.o
LOAD Output/Release/Obj/Flashloader/FlashPrg.o
LOAD Output/Release/Obj/Flashloader/main.o
LOAD Src/SEGGER_OFL_Lib_CortexM_LE.a
LOAD Output/Release/Obj/Flashloader/Startup.o
LOAD C:/Program Files/SEGGER/SEGGER Embedded Studio 8.14a/lib/libc_v7em_t_le_eabi_small.a
LOAD C:/Program Files/SEGGER/SEGGER Embedded Studio 8.14a/lib/heapops_basic_v7em_t_le_eabi_small.a
LOAD C:/Program Files/SEGGER/SEGGER Embedded Studio 8.14a/lib/heapops_disable_interrupts_locking_v7em_t_le_eabi_small.a
LOAD C:/Program Files/SEGGER/SEGGER Embedded Studio 8.14a/lib/strops_v7em_t_le_eabi_small.a
LOAD C:/Program Files/SEGGER/SEGGER Embedded Studio 8.14a/lib/mbops_timeops_v7em_t_le_eabi_small.a
END GROUP
OUTPUT(D:/Software/STM32/H750XB/FlashLoader/Output/Release/Exe/Flashloader.elf elf32-littlearm)
LOAD linker stubs

.rel.dyn        0x00000004        0x0
 .rel.iplt      0x00000004        0x0 Output/Release/Obj/Flashloader/iwdg.o

.debug_info     0x00000000     0xd84f
 .debug_info    0x00000000      0x210 Output/Release/Obj/Flashloader/iwdg.o
 .debug_info    0x00000210      0xfa0 Output/Release/Obj/Flashloader/qspi_w25q256.o
 .debug_info    0x000011b0     0x113a Output/Release/Obj/Flashloader/quadspi.o
 .debug_info    0x000022ea     0x1706 Output/Release/Obj/Flashloader/stm32h7xx_hal.o
 .debug_info    0x000039f0     0x1476 Output/Release/Obj/Flashloader/stm32h7xx_hal_cortex.o
 .debug_info    0x00004e66      0xd73 Output/Release/Obj/Flashloader/stm32h7xx_hal_gpio.o
 .debug_info    0x00005bd9      0x249 Output/Release/Obj/Flashloader/stm32h7xx_hal_iwdg.o
 .debug_info    0x00005e22     0x1217 Output/Release/Obj/Flashloader/stm32h7xx_hal_pwr_ex.o
 .debug_info    0x00007039     0x19fd Output/Release/Obj/Flashloader/stm32h7xx_hal_qspi.o
 .debug_info    0x00008a36     0x139c Output/Release/Obj/Flashloader/stm32h7xx_hal_rcc.o
 .debug_info    0x00009dd2     0x1d79 Output/Release/Obj/Flashloader/stm32h7xx_hal_rcc_ex.o
 .debug_info    0x0000bb4b      0xa71 Output/Release/Obj/Flashloader/system_stm32h7xx.o
 .debug_info    0x0000c5bc      0x685 Output/Release/Obj/Flashloader/SystemConfig.o
 .debug_info    0x0000cc41      0x141 Output/Release/Obj/Flashloader/FlashDev.o
 .debug_info    0x0000cd82      0xa40 Output/Release/Obj/Flashloader/FlashPrg.o
 .debug_info    0x0000d7c2       0x6a Output/Release/Obj/Flashloader/main.o
 .debug_info    0x0000d82c       0x23 Output/Release/Obj/Flashloader/Startup.o

.debug_abbrev   0x00000000     0x231e
 .debug_abbrev  0x00000000      0x13f Output/Release/Obj/Flashloader/iwdg.o
 .debug_abbrev  0x0000013f      0x267 Output/Release/Obj/Flashloader/qspi_w25q256.o
 .debug_abbrev  0x000003a6      0x231 Output/Release/Obj/Flashloader/quadspi.o
 .debug_abbrev  0x000005d7      0x313 Output/Release/Obj/Flashloader/stm32h7xx_hal.o
 .debug_abbrev  0x000008ea      0x388 Output/Release/Obj/Flashloader/stm32h7xx_hal_cortex.o
 .debug_abbrev  0x00000c72      0x249 Output/Release/Obj/Flashloader/stm32h7xx_hal_gpio.o
 .debug_abbrev  0x00000ebb      0x161 Output/Release/Obj/Flashloader/stm32h7xx_hal_iwdg.o
 .debug_abbrev  0x0000101c      0x2f3 Output/Release/Obj/Flashloader/stm32h7xx_hal_pwr_ex.o
 .debug_abbrev  0x0000130f      0x30a Output/Release/Obj/Flashloader/stm32h7xx_hal_qspi.o
 .debug_abbrev  0x00001619      0x323 Output/Release/Obj/Flashloader/stm32h7xx_hal_rcc.o
 .debug_abbrev  0x0000193c      0x307 Output/Release/Obj/Flashloader/stm32h7xx_hal_rcc_ex.o
 .debug_abbrev  0x00001c43      0x168 Output/Release/Obj/Flashloader/system_stm32h7xx.o
 .debug_abbrev  0x00001dab      0x1ac Output/Release/Obj/Flashloader/SystemConfig.o
 .debug_abbrev  0x00001f57       0x7a Output/Release/Obj/Flashloader/FlashDev.o
 .debug_abbrev  0x00001fd1      0x2ed Output/Release/Obj/Flashloader/FlashPrg.o
 .debug_abbrev  0x000022be       0x4c Output/Release/Obj/Flashloader/main.o
 .debug_abbrev  0x0000230a       0x14 Output/Release/Obj/Flashloader/Startup.o

.debug_pubnames
                0x00000000     0x38bd
 .debug_pubnames
                0x00000000       0x82 Output/Release/Obj/Flashloader/iwdg.o
 .debug_pubnames
                0x00000082      0x204 Output/Release/Obj/Flashloader/qspi_w25q256.o
 .debug_pubnames
                0x00000286       0xf2 Output/Release/Obj/Flashloader/quadspi.o
 .debug_pubnames
                0x00000378     0x10e9 Output/Release/Obj/Flashloader/stm32h7xx_hal.o
 .debug_pubnames
                0x00001461      0xe1f Output/Release/Obj/Flashloader/stm32h7xx_hal_cortex.o
 .debug_pubnames
                0x00002280      0x121 Output/Release/Obj/Flashloader/stm32h7xx_hal_gpio.o
 .debug_pubnames
                0x000023a1       0x7f Output/Release/Obj/Flashloader/stm32h7xx_hal_iwdg.o
 .debug_pubnames
                0x00002420      0x576 Output/Release/Obj/Flashloader/stm32h7xx_hal_pwr_ex.o
 .debug_pubnames
                0x00002996      0x57c Output/Release/Obj/Flashloader/stm32h7xx_hal_qspi.o
 .debug_pubnames
                0x00002f12      0x1dd Output/Release/Obj/Flashloader/stm32h7xx_hal_rcc.o
 .debug_pubnames
                0x000030ef      0x431 Output/Release/Obj/Flashloader/stm32h7xx_hal_rcc_ex.o
 .debug_pubnames
                0x00003520       0x76 Output/Release/Obj/Flashloader/system_stm32h7xx.o
 .debug_pubnames
                0x00003596       0xa8 Output/Release/Obj/Flashloader/SystemConfig.o
 .debug_pubnames
                0x0000363e       0x22 Output/Release/Obj/Flashloader/FlashDev.o
 .debug_pubnames
                0x00003660      0x242 Output/Release/Obj/Flashloader/FlashPrg.o
 .debug_pubnames
                0x000038a2       0x1b Output/Release/Obj/Flashloader/main.o

.debug_pubtypes
                0x00000000     0x1dce
 .debug_pubtypes
                0x00000000      0x18d Output/Release/Obj/Flashloader/iwdg.o
 .debug_pubtypes
                0x0000018d      0x2d0 Output/Release/Obj/Flashloader/qspi_w25q256.o
 .debug_pubtypes
                0x0000045d      0x304 Output/Release/Obj/Flashloader/quadspi.o
 .debug_pubtypes
                0x00000761      0x21a Output/Release/Obj/Flashloader/stm32h7xx_hal.o
 .debug_pubtypes
                0x0000097b      0x1b4 Output/Release/Obj/Flashloader/stm32h7xx_hal_cortex.o
 .debug_pubtypes
                0x00000b2f      0x1df Output/Release/Obj/Flashloader/stm32h7xx_hal_gpio.o
 .debug_pubtypes
                0x00000d0e      0x18d Output/Release/Obj/Flashloader/stm32h7xx_hal_iwdg.o
 .debug_pubtypes
                0x00000e9b      0x1cd Output/Release/Obj/Flashloader/stm32h7xx_hal_pwr_ex.o
 .debug_pubtypes
                0x00001068      0x2c7 Output/Release/Obj/Flashloader/stm32h7xx_hal_qspi.o
 .debug_pubtypes
                0x0000132f      0x212 Output/Release/Obj/Flashloader/stm32h7xx_hal_rcc.o
 .debug_pubtypes
                0x00001541      0x27d Output/Release/Obj/Flashloader/stm32h7xx_hal_rcc_ex.o
 .debug_pubtypes
                0x000017be      0x19d Output/Release/Obj/Flashloader/system_stm32h7xx.o
 .debug_pubtypes
                0x0000195b      0x1b8 Output/Release/Obj/Flashloader/SystemConfig.o
 .debug_pubtypes
                0x00001b13       0x8a Output/Release/Obj/Flashloader/FlashDev.o
 .debug_pubtypes
                0x00001b9d      0x1c8 Output/Release/Obj/Flashloader/FlashPrg.o
 .debug_pubtypes
                0x00001d65       0x69 Output/Release/Obj/Flashloader/main.o

.debug_aranges  0x00000000      0x8d0
 .debug_aranges
                0x00000000       0x20 Output/Release/Obj/Flashloader/iwdg.o
 .debug_aranges
                0x00000020       0x78 Output/Release/Obj/Flashloader/qspi_w25q256.o
 .debug_aranges
                0x00000098       0x30 Output/Release/Obj/Flashloader/quadspi.o
 .debug_aranges
                0x000000c8      0x198 Output/Release/Obj/Flashloader/stm32h7xx_hal.o
 .debug_aranges
                0x00000260       0xc0 Output/Release/Obj/Flashloader/stm32h7xx_hal_cortex.o
 .debug_aranges
                0x00000320       0x58 Output/Release/Obj/Flashloader/stm32h7xx_hal_gpio.o
 .debug_aranges
                0x00000378       0x28 Output/Release/Obj/Flashloader/stm32h7xx_hal_iwdg.o
 .debug_aranges
                0x000003a0      0x158 Output/Release/Obj/Flashloader/stm32h7xx_hal_pwr_ex.o
 .debug_aranges
                0x000004f8      0x148 Output/Release/Obj/Flashloader/stm32h7xx_hal_qspi.o
 .debug_aranges
                0x00000640       0x88 Output/Release/Obj/Flashloader/stm32h7xx_hal_rcc.o
 .debug_aranges
                0x000006c8       0xf8 Output/Release/Obj/Flashloader/stm32h7xx_hal_rcc_ex.o
 .debug_aranges
                0x000007c0       0x28 Output/Release/Obj/Flashloader/system_stm32h7xx.o
 .debug_aranges
                0x000007e8       0x20 Output/Release/Obj/Flashloader/SystemConfig.o
 .debug_aranges
                0x00000808       0x18 Output/Release/Obj/Flashloader/FlashDev.o
 .debug_aranges
                0x00000820       0x70 Output/Release/Obj/Flashloader/FlashPrg.o
 .debug_aranges
                0x00000890       0x20 Output/Release/Obj/Flashloader/main.o
 .debug_aranges
                0x000008b0       0x20 Output/Release/Obj/Flashloader/Startup.o

.debug_ranges   0x00000000      0x9f8
 .debug_ranges  0x00000000       0x10 Output/Release/Obj/Flashloader/iwdg.o
 .debug_ranges  0x00000010       0x80 Output/Release/Obj/Flashloader/qspi_w25q256.o
 .debug_ranges  0x00000090       0x58 Output/Release/Obj/Flashloader/quadspi.o
 .debug_ranges  0x000000e8      0x188 Output/Release/Obj/Flashloader/stm32h7xx_hal.o
 .debug_ranges  0x00000270      0x170 Output/Release/Obj/Flashloader/stm32h7xx_hal_cortex.o
 .debug_ranges  0x000003e0       0x78 Output/Release/Obj/Flashloader/stm32h7xx_hal_gpio.o
 .debug_ranges  0x00000458       0x18 Output/Release/Obj/Flashloader/stm32h7xx_hal_iwdg.o
 .debug_ranges  0x00000470      0x178 Output/Release/Obj/Flashloader/stm32h7xx_hal_pwr_ex.o
 .debug_ranges  0x000005e8      0x150 Output/Release/Obj/Flashloader/stm32h7xx_hal_qspi.o
 .debug_ranges  0x00000738       0xf8 Output/Release/Obj/Flashloader/stm32h7xx_hal_rcc.o
 .debug_ranges  0x00000830      0x118 Output/Release/Obj/Flashloader/stm32h7xx_hal_rcc_ex.o
 .debug_ranges  0x00000948       0x18 Output/Release/Obj/Flashloader/system_stm32h7xx.o
 .debug_ranges  0x00000960       0x10 Output/Release/Obj/Flashloader/SystemConfig.o
 .debug_ranges  0x00000970       0x78 Output/Release/Obj/Flashloader/FlashPrg.o
 .debug_ranges  0x000009e8       0x10 Output/Release/Obj/Flashloader/main.o

.debug_macro    0x00000000    0x35650
 .debug_macro   0x00000000      0x202 Output/Release/Obj/Flashloader/iwdg.o
 .debug_macro   0x00000202      0xb44 Output/Release/Obj/Flashloader/iwdg.o
 .debug_macro   0x00000d46      0x238 Output/Release/Obj/Flashloader/iwdg.o
 .debug_macro   0x00000f7e       0x2e Output/Release/Obj/Flashloader/iwdg.o
 .debug_macro   0x00000fac       0x3b Output/Release/Obj/Flashloader/iwdg.o
 .debug_macro   0x00000fe7       0x4c Output/Release/Obj/Flashloader/iwdg.o
 .debug_macro   0x00001033      0x282 Output/Release/Obj/Flashloader/iwdg.o
 .debug_macro   0x000012b5      0x64e Output/Release/Obj/Flashloader/iwdg.o
 .debug_macro   0x00001903       0x16 Output/Release/Obj/Flashloader/iwdg.o
 .debug_macro   0x00001919      0x269 Output/Release/Obj/Flashloader/iwdg.o
 .debug_macro   0x00001b82       0x1c Output/Release/Obj/Flashloader/iwdg.o
 .debug_macro   0x00001b9e       0x22 Output/Release/Obj/Flashloader/iwdg.o
 .debug_macro   0x00001bc0       0xfb Output/Release/Obj/Flashloader/iwdg.o
 .debug_macro   0x00001cbb     0x1305 Output/Release/Obj/Flashloader/iwdg.o
 .debug_macro   0x00002fc0      0x11f Output/Release/Obj/Flashloader/iwdg.o
 .debug_macro   0x000030df       0x27 Output/Release/Obj/Flashloader/iwdg.o
 .debug_macro   0x00003106    0x25eee Output/Release/Obj/Flashloader/iwdg.o
 .debug_macro   0x00028ff4       0x6d Output/Release/Obj/Flashloader/iwdg.o
 .debug_macro   0x00029061     0x3d79 Output/Release/Obj/Flashloader/iwdg.o
 .debug_macro   0x0002cdda       0x22 Output/Release/Obj/Flashloader/iwdg.o
 .debug_macro   0x0002cdfc       0x94 Output/Release/Obj/Flashloader/iwdg.o
 .debug_macro   0x0002ce90       0xee Output/Release/Obj/Flashloader/iwdg.o
 .debug_macro   0x0002cf7e       0x63 Output/Release/Obj/Flashloader/iwdg.o
 .debug_macro   0x0002cfe1     0x240e Output/Release/Obj/Flashloader/iwdg.o
 .debug_macro   0x0002f3ef     0x102c Output/Release/Obj/Flashloader/iwdg.o
 .debug_macro   0x0003041b      0x154 Output/Release/Obj/Flashloader/iwdg.o
 .debug_macro   0x0003056f      0x114 Output/Release/Obj/Flashloader/iwdg.o
 .debug_macro   0x00030683      0x3b6 Output/Release/Obj/Flashloader/iwdg.o
 .debug_macro   0x00030a39       0xac Output/Release/Obj/Flashloader/iwdg.o
 .debug_macro   0x00030ae5      0x72d Output/Release/Obj/Flashloader/iwdg.o
 .debug_macro   0x00031212      0x228 Output/Release/Obj/Flashloader/iwdg.o
 .debug_macro   0x0003143a       0x66 Output/Release/Obj/Flashloader/iwdg.o
 .debug_macro   0x000314a0      0x3bb Output/Release/Obj/Flashloader/iwdg.o
 .debug_macro   0x0003185b      0x3e4 Output/Release/Obj/Flashloader/iwdg.o
 .debug_macro   0x00031c3f      0x275 Output/Release/Obj/Flashloader/iwdg.o
 .debug_macro   0x00031eb4      0x3ca Output/Release/Obj/Flashloader/iwdg.o
 .debug_macro   0x0003227e      0x3de Output/Release/Obj/Flashloader/iwdg.o
 .debug_macro   0x0003265c       0x3c Output/Release/Obj/Flashloader/iwdg.o
 .debug_macro   0x00032698       0x4a Output/Release/Obj/Flashloader/iwdg.o
 .debug_macro   0x000326e2      0x22c Output/Release/Obj/Flashloader/iwdg.o
 .debug_macro   0x0003290e       0x67 Output/Release/Obj/Flashloader/iwdg.o
 .debug_macro   0x00032975       0xa5 Output/Release/Obj/Flashloader/iwdg.o
 .debug_macro   0x00032a1a       0x85 Output/Release/Obj/Flashloader/iwdg.o
 .debug_macro   0x00032a9f      0x1c4 Output/Release/Obj/Flashloader/iwdg.o
 .debug_macro   0x00032c63      0x25e Output/Release/Obj/Flashloader/iwdg.o
 .debug_macro   0x00032ec1       0x35 Output/Release/Obj/Flashloader/iwdg.o
 .debug_macro   0x00032ef6      0x2d4 Output/Release/Obj/Flashloader/iwdg.o
 .debug_macro   0x000331ca      0x5a0 Output/Release/Obj/Flashloader/iwdg.o
 .debug_macro   0x0003376a      0x217 Output/Release/Obj/Flashloader/qspi_w25q256.o
 .debug_macro   0x00033981       0x94 Output/Release/Obj/Flashloader/qspi_w25q256.o
 .debug_macro   0x00033a15      0x202 Output/Release/Obj/Flashloader/quadspi.o
 .debug_macro   0x00033c17      0x218 Output/Release/Obj/Flashloader/stm32h7xx_hal.o
 .debug_macro   0x00033e2f      0x1ee Output/Release/Obj/Flashloader/stm32h7xx_hal_cortex.o
 .debug_macro   0x0003401d      0x1f5 Output/Release/Obj/Flashloader/stm32h7xx_hal_gpio.o
 .debug_macro   0x00034212      0x1fc Output/Release/Obj/Flashloader/stm32h7xx_hal_iwdg.o
 .debug_macro   0x0003440e      0x227 Output/Release/Obj/Flashloader/stm32h7xx_hal_pwr_ex.o
 .debug_macro   0x00034635      0x212 Output/Release/Obj/Flashloader/stm32h7xx_hal_qspi.o
 .debug_macro   0x00034847      0x212 Output/Release/Obj/Flashloader/stm32h7xx_hal_rcc.o
 .debug_macro   0x00034a59      0x20c Output/Release/Obj/Flashloader/stm32h7xx_hal_rcc_ex.o
 .debug_macro   0x00034c65      0x1ee Output/Release/Obj/Flashloader/system_stm32h7xx.o
 .debug_macro   0x00034e53      0x1f8 Output/Release/Obj/Flashloader/SystemConfig.o
 .debug_macro   0x0003504b       0x1a Output/Release/Obj/Flashloader/FlashDev.o
 .debug_macro   0x00035065       0x28 Output/Release/Obj/Flashloader/FlashDev.o
 .debug_macro   0x0003508d      0x268 Output/Release/Obj/Flashloader/FlashPrg.o
 .debug_macro   0x000352f5       0x1c Output/Release/Obj/Flashloader/FlashPrg.o
 .debug_macro   0x00035311      0x26f Output/Release/Obj/Flashloader/FlashPrg.o
 .debug_macro   0x00035580       0x68 Output/Release/Obj/Flashloader/main.o
 .debug_macro   0x000355e8       0x10 Output/Release/Obj/Flashloader/main.o
 .debug_macro   0x000355f8       0x58 Output/Release/Obj/Flashloader/main.o

.debug_line     0x00000000     0xaa53
 .debug_line    0x00000000      0x4ab Output/Release/Obj/Flashloader/iwdg.o
 .debug_line    0x000004ab      0xc27 Output/Release/Obj/Flashloader/qspi_w25q256.o
 .debug_line    0x000010d2      0x626 Output/Release/Obj/Flashloader/quadspi.o
 .debug_line    0x000016f8      0xbd1 Output/Release/Obj/Flashloader/stm32h7xx_hal.o
 .debug_line    0x000022c9      0xafd Output/Release/Obj/Flashloader/stm32h7xx_hal_cortex.o
 .debug_line    0x00002dc6      0x9c6 Output/Release/Obj/Flashloader/stm32h7xx_hal_gpio.o
 .debug_line    0x0000378c      0x54e Output/Release/Obj/Flashloader/stm32h7xx_hal_iwdg.o
 .debug_line    0x00003cda      0xdbb Output/Release/Obj/Flashloader/stm32h7xx_hal_pwr_ex.o
 .debug_line    0x00004a95     0x1785 Output/Release/Obj/Flashloader/stm32h7xx_hal_qspi.o
 .debug_line    0x0000621a     0x15de Output/Release/Obj/Flashloader/stm32h7xx_hal_rcc.o
 .debug_line    0x000077f8     0x1cb5 Output/Release/Obj/Flashloader/stm32h7xx_hal_rcc_ex.o
 .debug_line    0x000094ad      0x6b1 Output/Release/Obj/Flashloader/system_stm32h7xx.o
 .debug_line    0x00009b5e      0x5d5 Output/Release/Obj/Flashloader/SystemConfig.o
 .debug_line    0x0000a133       0x61 Output/Release/Obj/Flashloader/FlashDev.o
 .debug_line    0x0000a194      0x715 Output/Release/Obj/Flashloader/FlashPrg.o
 .debug_line    0x0000a8a9      0x12f Output/Release/Obj/Flashloader/main.o
 .debug_line    0x0000a9d8       0x7b Output/Release/Obj/Flashloader/Startup.o

.debug_str      0x00000000   0x154210
 .debug_str     0x00000000   0x154210 Output/Release/Obj/Flashloader/iwdg.o
                             0x14fc6a (size before relaxing)
 .debug_str     0x00154210   0x15077f Output/Release/Obj/Flashloader/qspi_w25q256.o
 .debug_str     0x00154210   0x1507a9 Output/Release/Obj/Flashloader/quadspi.o
 .debug_str     0x00154210   0x151038 Output/Release/Obj/Flashloader/stm32h7xx_hal.o
 .debug_str     0x00154210   0x150a69 Output/Release/Obj/Flashloader/stm32h7xx_hal_cortex.o
 .debug_str     0x00154210   0x1500c9 Output/Release/Obj/Flashloader/stm32h7xx_hal_gpio.o
 .debug_str     0x00154210   0x14fd3b Output/Release/Obj/Flashloader/stm32h7xx_hal_iwdg.o
 .debug_str     0x00154210   0x15058b Output/Release/Obj/Flashloader/stm32h7xx_hal_pwr_ex.o
 .debug_str     0x00154210   0x15081a Output/Release/Obj/Flashloader/stm32h7xx_hal_qspi.o
 .debug_str     0x00154210   0x1504e5 Output/Release/Obj/Flashloader/stm32h7xx_hal_rcc.o
 .debug_str     0x00154210   0x1509c6 Output/Release/Obj/Flashloader/stm32h7xx_hal_rcc_ex.o
 .debug_str     0x00154210   0x15004c Output/Release/Obj/Flashloader/system_stm32h7xx.o
 .debug_str     0x00154210   0x14feab Output/Release/Obj/Flashloader/SystemConfig.o
 .debug_str     0x00154210     0x2efc Output/Release/Obj/Flashloader/FlashDev.o
 .debug_str     0x00154210   0x150367 Output/Release/Obj/Flashloader/FlashPrg.o
 .debug_str     0x00154210     0x6a73 Output/Release/Obj/Flashloader/main.o
 .debug_str     0x00154210       0x66 Output/Release/Obj/Flashloader/Startup.o

.comment        0x00000000       0x7c
 .comment       0x00000000       0x7c Output/Release/Obj/Flashloader/iwdg.o
                                 0x3e (size before relaxing)
 .comment       0x0000007c       0x3e Output/Release/Obj/Flashloader/qspi_w25q256.o
 .comment       0x0000007c       0x3e Output/Release/Obj/Flashloader/quadspi.o
 .comment       0x0000007c       0x3e Output/Release/Obj/Flashloader/stm32h7xx_hal.o
 .comment       0x0000007c       0x3e Output/Release/Obj/Flashloader/stm32h7xx_hal_cortex.o
 .comment       0x0000007c       0x3e Output/Release/Obj/Flashloader/stm32h7xx_hal_gpio.o
 .comment       0x0000007c       0x3e Output/Release/Obj/Flashloader/stm32h7xx_hal_iwdg.o
 .comment       0x0000007c       0x3e Output/Release/Obj/Flashloader/stm32h7xx_hal_pwr_ex.o
 .comment       0x0000007c       0x3e Output/Release/Obj/Flashloader/stm32h7xx_hal_qspi.o
 .comment       0x0000007c       0x3e Output/Release/Obj/Flashloader/stm32h7xx_hal_rcc.o
 .comment       0x0000007c       0x3e Output/Release/Obj/Flashloader/stm32h7xx_hal_rcc_ex.o
 .comment       0x0000007c       0x3e Output/Release/Obj/Flashloader/system_stm32h7xx.o
 .comment       0x0000007c       0x3e Output/Release/Obj/Flashloader/SystemConfig.o
 .comment       0x0000007c       0x3e Output/Release/Obj/Flashloader/FlashDev.o
 .comment       0x0000007c       0x3e Output/Release/Obj/Flashloader/FlashPrg.o
 .comment       0x0000007c       0x3e Output/Release/Obj/Flashloader/main.o
 .comment       0x0000007c       0x40 Src/SEGGER_OFL_Lib_CortexM_LE.a(SEGGER_OFL_Lib.o)

.ARM.attributes
                0x00000000       0x2e
 .ARM.attributes
                0x00000000       0x2e Output/Release/Obj/Flashloader/iwdg.o
 .ARM.attributes
                0x0000002e       0x2e Output/Release/Obj/Flashloader/qspi_w25q256.o
 .ARM.attributes
                0x0000005c       0x2e Output/Release/Obj/Flashloader/quadspi.o
 .ARM.attributes
                0x0000008a       0x2e Output/Release/Obj/Flashloader/stm32h7xx_hal.o
 .ARM.attributes
                0x000000b8       0x2e Output/Release/Obj/Flashloader/stm32h7xx_hal_cortex.o
 .ARM.attributes
                0x000000e6       0x2e Output/Release/Obj/Flashloader/stm32h7xx_hal_gpio.o
 .ARM.attributes
                0x00000114       0x2e Output/Release/Obj/Flashloader/stm32h7xx_hal_iwdg.o
 .ARM.attributes
                0x00000142       0x2e Output/Release/Obj/Flashloader/stm32h7xx_hal_pwr_ex.o
 .ARM.attributes
                0x00000170       0x2e Output/Release/Obj/Flashloader/stm32h7xx_hal_qspi.o
 .ARM.attributes
                0x0000019e       0x2e Output/Release/Obj/Flashloader/stm32h7xx_hal_rcc.o
 .ARM.attributes
                0x000001cc       0x2e Output/Release/Obj/Flashloader/stm32h7xx_hal_rcc_ex.o
 .ARM.attributes
                0x000001fa       0x2e Output/Release/Obj/Flashloader/system_stm32h7xx.o
 .ARM.attributes
                0x00000228       0x2e Output/Release/Obj/Flashloader/SystemConfig.o
 .ARM.attributes
                0x00000256       0x2e Output/Release/Obj/Flashloader/FlashDev.o
 .ARM.attributes
                0x00000284       0x2e Output/Release/Obj/Flashloader/FlashPrg.o
 .ARM.attributes
                0x000002b2       0x2e Output/Release/Obj/Flashloader/main.o
 .ARM.attributes
                0x000002e0       0x31 Src/SEGGER_OFL_Lib_CortexM_LE.a(SEGGER_OFL_Lib.o)
 .ARM.attributes
                0x00000311       0x1c Output/Release/Obj/Flashloader/Startup.o
 .ARM.attributes
                0x0000032d       0x1c C:/Program Files/SEGGER/SEGGER Embedded Studio 8.14a/lib/libc_v7em_t_le_eabi_small.a(compilerasmops_arm.o)
 .ARM.attributes
                0x00000349       0x1c C:/Program Files/SEGGER/SEGGER Embedded Studio 8.14a/lib/libc_v7em_t_le_eabi_small.a(floatasmops_arm.o)
 .ARM.attributes
                0x00000365       0x1c C:/Program Files/SEGGER/SEGGER Embedded Studio 8.14a/lib/strops_v7em_t_le_eabi_small.a(strasmops_arm.o)

.debug_frame    0x00000000     0x148c
 .debug_frame   0x00000000       0x20 Output/Release/Obj/Flashloader/iwdg.o
 .debug_frame   0x00000020      0x180 Output/Release/Obj/Flashloader/qspi_w25q256.o
 .debug_frame   0x000001a0       0x68 Output/Release/Obj/Flashloader/quadspi.o
 .debug_frame   0x00000208      0x370 Output/Release/Obj/Flashloader/stm32h7xx_hal.o
 .debug_frame   0x00000578      0x180 Output/Release/Obj/Flashloader/stm32h7xx_hal_cortex.o
 .debug_frame   0x000006f8       0xd4 Output/Release/Obj/Flashloader/stm32h7xx_hal_gpio.o
 .debug_frame   0x000007cc       0x3c Output/Release/Obj/Flashloader/stm32h7xx_hal_iwdg.o
 .debug_frame   0x00000808      0x300 Output/Release/Obj/Flashloader/stm32h7xx_hal_pwr_ex.o
 .debug_frame   0x00000b08      0x3bc Output/Release/Obj/Flashloader/stm32h7xx_hal_qspi.o
 .debug_frame   0x00000ec4      0x17c Output/Release/Obj/Flashloader/stm32h7xx_hal_rcc.o
 .debug_frame   0x00001040      0x2a0 Output/Release/Obj/Flashloader/stm32h7xx_hal_rcc_ex.o
 .debug_frame   0x000012e0       0x40 Output/Release/Obj/Flashloader/system_stm32h7xx.o
 .debug_frame   0x00001320       0x38 Output/Release/Obj/Flashloader/SystemConfig.o
 .debug_frame   0x00001358      0x114 Output/Release/Obj/Flashloader/FlashPrg.o
 .debug_frame   0x0000146c       0x20 Output/Release/Obj/Flashloader/main.o

.debug_loc      0x00000000     0x4cab
 .debug_loc     0x00000000      0x2a3 Output/Release/Obj/Flashloader/qspi_w25q256.o
 .debug_loc     0x000002a3       0x70 Output/Release/Obj/Flashloader/quadspi.o
 .debug_loc     0x00000313      0x43e Output/Release/Obj/Flashloader/stm32h7xx_hal.o
 .debug_loc     0x00000751      0x745 Output/Release/Obj/Flashloader/stm32h7xx_hal_cortex.o
 .debug_loc     0x00000e96      0x383 Output/Release/Obj/Flashloader/stm32h7xx_hal_gpio.o
 .debug_loc     0x00001219       0x96 Output/Release/Obj/Flashloader/stm32h7xx_hal_iwdg.o
 .debug_loc     0x000012af      0x4d3 Output/Release/Obj/Flashloader/stm32h7xx_hal_pwr_ex.o
 .debug_loc     0x00001782     0x13f6 Output/Release/Obj/Flashloader/stm32h7xx_hal_qspi.o
 .debug_loc     0x00002b78      0x7dc Output/Release/Obj/Flashloader/stm32h7xx_hal_rcc.o
 .debug_loc     0x00003354     0x1228 Output/Release/Obj/Flashloader/stm32h7xx_hal_rcc_ex.o
 .debug_loc     0x0000457c      0x15b Output/Release/Obj/Flashloader/system_stm32h7xx.o
 .debug_loc     0x000046d7      0x5d4 Output/Release/Obj/Flashloader/FlashPrg.o
